Copyright 1986-2020 Xilinx, Inc. All Rights Reserved.
--------------------------------------------------------------------------------------------
| Tool Version : Vivado v.2020.2 (lin64) Build 3064766 Wed Nov 18 09:12:47 MST 2020
| Date         : Tue Oct 19 12:50:52 2021
| Host         : pc running 64-bit Ubuntu 18.04.6 LTS
| Command      : report_clock_utilization -file canda_spiso_fd_clock_utilization_routed.rpt
| Design       : canda_spiso_fd
| Device       : 7a35t-ftg256
| Speed File   : -2  PRODUCTION 1.23 2018-06-13
| Design State : Routed
--------------------------------------------------------------------------------------------

Clock Utilization Report

Table of Contents
-----------------
1. Clock Primitive Utilization
2. Global Clock Resources
3. Global Clock Source Details
4. Local Clock Details
5. Clock Regions: Key Resource Utilization
6. Clock Regions : Global Clock Summary
7. Device Cell Placement Summary for Global Clock g0
8. Device Cell Placement Summary for Global Clock g1
9. Device Cell Placement Summary for Global Clock g2
10. Device Cell Placement Summary for Global Clock g3
11. Device Cell Placement Summary for Global Clock g4
12. Device Cell Placement Summary for Global Clock g5
13. Device Cell Placement Summary for Global Clock g6
14. Device Cell Placement Summary for Global Clock g7
15. Device Cell Placement Summary for Global Clock g8
16. Device Cell Placement Summary for Global Clock g9
17. Device Cell Placement Summary for Global Clock g10
18. Device Cell Placement Summary for Global Clock g11
19. Clock Region Cell Placement per Global Clock: Region X0Y0
20. Clock Region Cell Placement per Global Clock: Region X1Y0
21. Clock Region Cell Placement per Global Clock: Region X0Y1
22. Clock Region Cell Placement per Global Clock: Region X1Y1
23. Clock Region Cell Placement per Global Clock: Region X0Y2
24. Clock Region Cell Placement per Global Clock: Region X1Y2

1. Clock Primitive Utilization
------------------------------

+----------+------+-----------+-----+--------------+--------+
| Type     | Used | Available | LOC | Clock Region | Pblock |
+----------+------+-----------+-----+--------------+--------+
| BUFGCTRL |   12 |        32 |   0 |            0 |      0 |
| BUFH     |    0 |        72 |   0 |            0 |      0 |
| BUFIO    |    0 |        20 |   0 |            0 |      0 |
| BUFMR    |    0 |        10 |   0 |            0 |      0 |
| BUFR     |    0 |        20 |   0 |            0 |      0 |
| MMCM     |    0 |         5 |   0 |            0 |      0 |
| PLL      |    1 |         5 |   0 |            0 |      0 |
+----------+------+-----------+-----+--------------+--------+


2. Global Clock Resources
-------------------------

+-----------+-----------+-----------------+------------+----------------+--------------+-------------------+-------------+-----------------+--------------+--------------------------------------------------------------------------------------------+----------------------------------------------------------------------+----------------------------------------+
| Global Id | Source Id | Driver Type/Pin | Constraint | Site           | Clock Region | Load Clock Region | Clock Loads | Non-Clock Loads | Clock Period | Clock                                                                                      | Driver Pin                                                           | Net                                    |
+-----------+-----------+-----------------+------------+----------------+--------------+-------------------+-------------+-----------------+--------------+--------------------------------------------------------------------------------------------+----------------------------------------------------------------------+----------------------------------------+
| g0        | src0      | BUFG/O          | None       | BUFGCTRL_X0Y2  | n/a          |                 3 |        2900 |               0 |       20.000 | clk_out1_pll                                                                               | pll_inst/inst/clkout1_buf/O                                          | pll_inst/inst/clk_out1                 |
| g1        | src1      | BUFG/O          | None       | BUFGCTRL_X0Y3  | n/a          |                 6 |        1377 |               1 |              |                                                                                            | rx1_proto/rx_mac_clk_BUFG_inst/O                                     | rx1_proto/rx_mac_clk_BUFG              |
| g2        | src2      | BUFG/O          | None       | BUFGCTRL_X0Y4  | n/a          |                 4 |        1130 |               3 |              |                                                                                            | rx2_proto/rx_mac_clk_BUFG_inst/O                                     | rx2_proto/rx_mac_clk_BUFG              |
| g3        | src3      | BUFG/O          | None       | BUFGCTRL_X0Y16 | n/a          |                 4 |        1037 |               2 |              |                                                                                            | PHY1_TXC_IBUF_BUFG_inst/O                                            | PHY1_TXC_IBUF_BUFG                     |
| g4        | src4      | BUFG/O          | None       | BUFGCTRL_X0Y5  | n/a          |                 1 |         461 |               0 |       33.000 | dbg_hub/inst/BSCANID.u_xsdbm_id/SWITCH_N_EXT_BSCAN.bscan_inst/SERIES7_BSCAN.bscan_inst/TCK | dbg_hub/inst/BSCANID.u_xsdbm_id/SWITCH_N_EXT_BSCAN.u_bufg_icon_tck/O | dbg_hub/inst/BSCANID.u_xsdbm_id/itck_i |
| g5        | src5      | BUFG/O          | None       | BUFGCTRL_X0Y0  | n/a          |                 1 |          96 |               1 |              |                                                                                            | PHY1_MDC_OBUF_BUFG_inst/O                                            | PHY1_MDC_OBUF_BUFG                     |
| g6        | src6      | BUFG/O          | None       | BUFGCTRL_X0Y1  | n/a          |                 1 |          96 |               1 |              |                                                                                            | PHY2_MDC_OBUF_BUFG_inst/O                                            | PHY2_MDC_OBUF_BUFG                     |
| g7        | src7      | BUFG/O          | None       | BUFGCTRL_X0Y6  | n/a          |                 3 |          76 |               0 |      100.000 | clk_out3_pll                                                                               | pll_inst/inst/clkout3_buf/O                                          | pll_inst/inst/clk_out3                 |
| g8        | src8      | BUFG/O          | None       | BUFGCTRL_X0Y17 | n/a          |                 1 |          33 |               0 |              |                                                                                            | PHY1_RXC_IBUF_BUFG_inst/O                                            | PHY1_RXC_IBUF_BUFG                     |
| g9        | src9      | BUFG/O          | None       | BUFGCTRL_X0Y7  | n/a          |                 2 |          33 |               0 |              |                                                                                            | PHY2_RXC_IBUF_BUFG_inst/O                                            | PHY2_RXC_IBUF_BUFG                     |
| g10       | src10     | BUFG/O          | None       | BUFGCTRL_X0Y8  | n/a          |                 2 |          26 |               2 |       40.000 | clk_out2_pll                                                                               | pll_inst/inst/clkout2_buf/O                                          | pll_inst/inst/clk_out2                 |
| g11       | src11     | BUFG/O          | None       | BUFGCTRL_X0Y9  | n/a          |                 1 |           1 |               0 |       20.000 | clkfbout_pll                                                                               | pll_inst/inst/clkf_buf/O                                             | pll_inst/inst/clkfbout_buf_pll         |
+-----------+-----------+-----------------+------------+----------------+--------------+-------------------+-------------+-----------------+--------------+--------------------------------------------------------------------------------------------+----------------------------------------------------------------------+----------------------------------------+
* Clock Loads column represents the clock pin loads (pin count)
** Non-Clock Loads column represents the non-clock pin loads (pin count)


3. Global Clock Source Details
------------------------------

+-----------+-----------+--------------------+------------+----------------+--------------+-------------+-----------------+---------------------+--------------------------------------------------------------------------------------------+--------------------------------------------------------------------------------------------+----------------------------------------------------------------------+
| Source Id | Global Id | Driver Type/Pin    | Constraint | Site           | Clock Region | Clock Loads | Non-Clock Loads | Source Clock Period | Source Clock                                                                               | Driver Pin                                                                                 | Net                                                                  |
+-----------+-----------+--------------------+------------+----------------+--------------+-------------+-----------------+---------------------+--------------------------------------------------------------------------------------------+--------------------------------------------------------------------------------------------+----------------------------------------------------------------------+
| src0      | g0        | PLLE2_ADV/CLKOUT0  | None       | PLLE2_ADV_X0Y0 | X0Y0         |           1 |               0 |              20.000 | clk_out1_pll                                                                               | pll_inst/inst/plle2_adv_inst/CLKOUT0                                                       | pll_inst/inst/clk_out1_pll                                           |
| src1      | g1        | FDRE/Q             | None       | SLICE_X35Y45   | X0Y0         |           1 |               0 |                     |                                                                                            | rx1_proto/rx_mac_clk_t_reg/Q                                                               | rx1_proto/rx_mac_clk                                                 |
| src2      | g2        | FDRE/Q             | None       | SLICE_X36Y45   | X1Y0         |           1 |               0 |                     |                                                                                            | rx2_proto/rx_mac_clk_t_reg/Q                                                               | rx2_proto/rx_mac_clk                                                 |
| src3      | g3        | IBUF/O             | IOB_X0Y78  | IOB_X0Y78      | X0Y1         |           1 |               0 |                     |                                                                                            | PHY1_TXC_IBUF_inst/O                                                                       | PHY1_TXC_IBUF                                                        |
| src4      | g4        | BSCANE2/TCK        | None       | BSCAN_X0Y0     | X0Y0         |           1 |               0 |              33.000 | dbg_hub/inst/BSCANID.u_xsdbm_id/SWITCH_N_EXT_BSCAN.bscan_inst/SERIES7_BSCAN.bscan_inst/TCK | dbg_hub/inst/BSCANID.u_xsdbm_id/SWITCH_N_EXT_BSCAN.bscan_inst/SERIES7_BSCAN.bscan_inst/TCK | dbg_hub/inst/BSCANID.u_xsdbm_id/SWITCH_N_EXT_BSCAN.bscan_inst/tck_bs |
| src5      | g5        | FDRE/Q             | None       | SLICE_X59Y78   | X1Y1         |           1 |               0 |                     |                                                                                            | mdio1/phy_clk_reg/Q                                                                        | mdio1/PHY1_MDC_OBUF                                                  |
| src6      | g6        | FDRE/Q             | None       | SLICE_X61Y72   | X1Y1         |           1 |               0 |                     |                                                                                            | mdio2/phy_clk_reg/Q                                                                        | mdio2/PHY2_MDC_OBUF                                                  |
| src7      | g7        | PLLE2_ADV/CLKOUT2  | None       | PLLE2_ADV_X0Y0 | X0Y0         |           1 |               0 |             100.000 | clk_out3_pll                                                                               | pll_inst/inst/plle2_adv_inst/CLKOUT2                                                       | pll_inst/inst/clk_out3_pll                                           |
| src8      | g8        | IBUF/O             | IOB_X0Y76  | IOB_X0Y76      | X0Y1         |           1 |               0 |                     |                                                                                            | PHY1_RXC_IBUF_inst/O                                                                       | PHY1_RXC_IBUF                                                        |
| src9      | g9        | IBUF/O             | IOB_X0Y24  | IOB_X0Y24      | X0Y0         |           1 |               0 |                     |                                                                                            | PHY2_RXC_IBUF_inst/O                                                                       | PHY2_RXC_IBUF                                                        |
| src10     | g10       | PLLE2_ADV/CLKOUT1  | None       | PLLE2_ADV_X0Y0 | X0Y0         |           1 |               0 |              40.000 | clk_out2_pll                                                                               | pll_inst/inst/plle2_adv_inst/CLKOUT1                                                       | pll_inst/inst/clk_out2_pll                                           |
| src11     | g11       | PLLE2_ADV/CLKFBOUT | None       | PLLE2_ADV_X0Y0 | X0Y0         |           1 |               0 |              20.000 | clkfbout_pll                                                                               | pll_inst/inst/plle2_adv_inst/CLKFBOUT                                                      | pll_inst/inst/clkfbout_pll                                           |
+-----------+-----------+--------------------+------------+----------------+--------------+-------------+-----------------+---------------------+--------------------------------------------------------------------------------------------+--------------------------------------------------------------------------------------------+----------------------------------------------------------------------+
* Clock Loads column represents the clock pin loads (pin count)
** Non-Clock Loads column represents the non-clock pin loads (pin count)


4. Local Clock Details
----------------------

+----------+-----------------+------------+--------------------+--------------+-------------+-----------------+--------------+-------+------------------------------+----------------------------+
| Local Id | Driver Type/Pin | Constraint | Site/BEL           | Clock Region | Clock Loads | Non-Clock Loads | Clock Period | Clock | Driver Pin                   | Net                        |
+----------+-----------------+------------+--------------------+--------------+-------------+-----------------+--------------+-------+------------------------------+----------------------------||
| 0        | FDRE/Q          | None       | SLICE_X58Y45/AFF   | X1Y0         |         323 |               2 |              |       | ETH2_RX/PKT_ARP_DONE_reg/Q   | ETH2_RX/PKT_ARP_DONE       - Static -
| 1        | FDRE/Q          | None       | SLICE_X45Y78/AFF   | X1Y1         |          83 |               2 |              |       | rx1_pkt/PKT_ARP_DONE_reg/Q   | rx1_pkt/PKT_ARP_DONE       - Static -
| 2        | FDRE/Q          | None       | SLICE_X31Y55/AFF   | X0Y1         |           2 |               3 |              |       | ETH2_RX/PKT_25701_DONE_reg/Q | ETH2_RX/PKT_25701_DONE     - Static -
| 3        | FDRE/Q          | None       | SLICE_X61Y45/AFF   | X1Y0         |           1 |               0 |              |       | ETH2_RX/clr_arp_reg/Q        | ETH2_RX/clr_arp            - Static -
| 4        | FDRE/Q          | None       | SLICE_X30Y55/AFF   | X0Y1         |           1 |               0 |              |       | ETH2_RX/clr_pkt25701_reg/Q   | ETH2_RX/clr_pkt25701       - Static -
| 5        | LUT1/O          | None       | SLICE_X47Y39/A6LUT | X1Y0         |           1 |               0 |              |       | clr_apo_done_t_reg_i_1/O     | clr_apo_done_t_reg_i_1_n_0 - Static -
| 6        | FDRE/Q          | None       | SLICE_X48Y38/AFF   | X1Y0         |           1 |               5 |              |       | rx1_pkt/PKT_APO_DONE_reg/Q   | rx1_pkt/PKT_APO_DONE       - Static -
| 7        | FDRE/Q          | None       | SLICE_X44Y38/AFF   | X1Y0         |           1 |               0 |              |       | rx1_pkt/clr_apo_reg/Q        | rx1_pkt/clr_apo            - Static -
| 8        | FDRE/Q          | None       | SLICE_X45Y77/AFF   | X1Y1         |           1 |               0 |              |       | rx1_pkt/clr_arp_reg/Q        | rx1_pkt/clr_arp            - Static -
+----------+-----------------+------------+--------------------+--------------+-------------+-----------------+--------------+-------+------------------------------+----------------------------||
* Local Clocks in this context represents only clocks driven by non-global buffers
** Clock Loads column represents the clock pin loads (pin count)
*** Non-Clock Loads column represents the non-clock pin loads (pin count)


5. Clock Regions: Key Resource Utilization
------------------------------------------

+-------------------+--------------+--------------+--------------+--------------+--------------+--------------+--------------+--------------+--------------+--------------+--------------+--------------+--------------+--------------+--------------+
|                   | Global Clock |     BUFRs    |    BUFMRs    |    BUFIOs    |     MMCM     |      PLL     |      GT      |      PCI     |    ILOGIC    |    OLOGIC    |      FF      |     LUTM     |    RAMB18    |    RAMB36    |    DSP48E2   |
+-------------------+------+-------+------+-------+------+-------+------+-------+------+-------+------+-------+------+-------+------+-------+------+-------+------+-------+------+-------+------+-------+------+-------+------+-------+------+-------+
| Clock Region Name | Used | Avail | Used | Avail | Used | Avail | Used | Avail | Used | Avail | Used | Avail | Used | Avail | Used | Avail | Used | Avail | Used | Avail | Used | Avail | Used | Avail | Used | Avail | Used | Avail | Used | Avail |
+-------------------+------+-------+------+-------+------+-------+------+-------+------+-------+------+-------+------+-------+------+-------+------+-------+------+-------+------+-------+------+-------+------+-------+------+-------+------+-------+
| X0Y0              |    9 |    12 |    0 |     4 |    0 |     2 |    0 |     4 |    0 |     1 |    1 |     1 |    0 |     0 |    0 |     0 |    0 |    50 |    0 |    50 |  902 |  1200 |  279 |   400 |    0 |    20 |    0 |    10 |    0 |    20 |
| X1Y0              |    7 |    12 |    0 |     4 |    0 |     2 |    0 |     4 |    0 |     1 |    0 |     1 |    0 |     0 |    0 |     0 |    0 |    50 |    0 |    50 | 3243 |  1500 | 1059 |   450 |    0 |    40 |   12 |    20 |    0 |    20 |
| X0Y1              |    6 |    12 |    0 |     4 |    0 |     2 |    0 |     4 |    0 |     1 |    0 |     1 |    0 |     0 |    0 |     0 |    0 |    50 |    0 |    50 |  754 |  1200 |  280 |   400 |    0 |    20 |    0 |    10 |    0 |    20 |
| X1Y1              |    5 |    12 |    0 |     4 |    0 |     2 |    0 |     4 |    0 |     1 |    0 |     1 |    0 |     0 |    0 |     0 |    0 |    50 |    0 |    50 | 1937 |  1500 |  788 |   450 |    0 |    40 |    4 |    20 |    0 |    20 |
| X0Y2              |    1 |    12 |    0 |     4 |    0 |     2 |    0 |     4 |    0 |     1 |    0 |     1 |    0 |     0 |    0 |     0 |    0 |    50 |    0 |    50 |   63 |  1800 |   23 |   400 |    0 |    20 |    0 |    10 |    0 |    20 |
| X1Y2              |    1 |    12 |    0 |     0 |    0 |     0 |    0 |     0 |    0 |     0 |    0 |     0 |    0 |     4 |    0 |     1 |    0 |     0 |    0 |     0 |   32 |   950 |    5 |   300 |    0 |    10 |    0 |     5 |    0 |    20 |
+-------------------+------+-------+------+-------+------+-------+------+-------+------+-------+------+-------+------+-------+------+-------+------+-------+------+-------+------+-------+------+-------+------+-------+------+-------+------+-------+
* Global Clock column represents track count; while other columns represents cell counts


6. Clock Regions : Global Clock Summary
---------------------------------------

All Modules
+----+----+----+
|    | X0 | X1 |
+----+----+----+
| Y2 |  1 |  1 |
| Y1 |  6 |  5 |
| Y0 |  9 |  7 |
+----+----+----+


7. Device Cell Placement Summary for Global Clock g0
----------------------------------------------------

+-----------+-----------------+-------------------+--------------+-------------+----------------+-------------+----------+----------------+----------+------------------------+
| Global Id | Driver Type/Pin | Driver Region (D) | Clock        | Period (ns) | Waveform (ns)  | Slice Loads | IO Loads | Clocking Loads | GT Loads | Net                    |
+-----------+-----------------+-------------------+--------------+-------------+----------------+-------------+----------+----------------+----------+------------------------+
| g0        | BUFG/O          | n/a               | clk_out1_pll |      20.000 | {0.000 10.000} |        2754 |        0 |              0 |        0 | pll_inst/inst/clk_out1 |
+-----------+-----------------+-------------------+--------------+-------------+----------------+-------------+----------+----------------+----------+------------------------+
* Slice Loads column represents load cell count of all cell types other than IO, GT and clock resources
** IO Loads column represents load cell count of IO types
*** Clocking Loads column represents load cell count that are clock resources (global clock buffer, MMCM, PLL, etc)
**** GT Loads column represents load cell count of GT types


+----+------+-------+-----------------------+
|    | X0   | X1    | HORIZONTAL PROG DELAY |
+----+------+-------+-----------------------+
| Y2 |    0 |     0 |                     0 |
| Y1 |    0 |     6 |                     0 |
| Y0 |  527 |  2221 |                     0 |
+----+------+-------+-----------------------+


8. Device Cell Placement Summary for Global Clock g1
----------------------------------------------------

+-----------+-----------------+-------------------+-------+-------------+---------------+-------------+----------+----------------+----------+---------------------------+
| Global Id | Driver Type/Pin | Driver Region (D) | Clock | Period (ns) | Waveform (ns) | Slice Loads | IO Loads | Clocking Loads | GT Loads | Net                       |
+-----------+-----------------+-------------------+-------+-------------+---------------+-------------+----------+----------------+----------+---------------------------+
| g1        | BUFG/O          | n/a               |       |             |               |        1378 |        0 |              0 |        0 | rx1_proto/rx_mac_clk_BUFG |
+-----------+-----------------+-------------------+-------+-------------+---------------+-------------+----------+----------------+----------+---------------------------+
* Slice Loads column represents load cell count of all cell types other than IO, GT and clock resources
** IO Loads column represents load cell count of IO types
*** Clocking Loads column represents load cell count that are clock resources (global clock buffer, MMCM, PLL, etc)
**** GT Loads column represents load cell count of GT types


+----+------+------+-----------------------+
|    | X0   | X1   | HORIZONTAL PROG DELAY |
+----+------+------+-----------------------+
| Y2 |   63 |   32 |                     0 |
| Y1 |  298 |  873 |                     0 |
| Y0 |    1 |  111 |                     0 |
+----+------+------+-----------------------+


9. Device Cell Placement Summary for Global Clock g2
----------------------------------------------------

+-----------+-----------------+-------------------+-------+-------------+---------------+-------------+----------+----------------+----------+---------------------------+
| Global Id | Driver Type/Pin | Driver Region (D) | Clock | Period (ns) | Waveform (ns) | Slice Loads | IO Loads | Clocking Loads | GT Loads | Net                       |
+-----------+-----------------+-------------------+-------+-------------+---------------+-------------+----------+----------------+----------+---------------------------+
| g2        | BUFG/O          | n/a               |       |             |               |        1133 |        0 |              0 |        0 | rx2_proto/rx_mac_clk_BUFG |
+-----------+-----------------+-------------------+-------+-------------+---------------+-------------+----------+----------------+----------+---------------------------+
* Slice Loads column represents load cell count of all cell types other than IO, GT and clock resources
** IO Loads column represents load cell count of IO types
*** Clocking Loads column represents load cell count that are clock resources (global clock buffer, MMCM, PLL, etc)
**** GT Loads column represents load cell count of GT types


+----+------+------+-----------------------+
|    | X0   | X1   | HORIZONTAL PROG DELAY |
+----+------+------+-----------------------+
| Y2 |    0 |    0 |                     0 |
| Y1 |  181 |  525 |                     0 |
| Y0 |  137 |  290 |                     0 |
+----+------+------+-----------------------+


10. Device Cell Placement Summary for Global Clock g3
-----------------------------------------------------

+-----------+-----------------+-------------------+-------+-------------+---------------+-------------+----------+----------------+----------+--------------------+
| Global Id | Driver Type/Pin | Driver Region (D) | Clock | Period (ns) | Waveform (ns) | Slice Loads | IO Loads | Clocking Loads | GT Loads | Net                |
+-----------+-----------------+-------------------+-------+-------------+---------------+-------------+----------+----------------+----------+--------------------+
| g3        | BUFG/O          | n/a               |       |             |               |        1037 |        0 |              0 |        0 | PHY1_TXC_IBUF_BUFG |
+-----------+-----------------+-------------------+-------+-------------+---------------+-------------+----------+----------------+----------+--------------------+
* Slice Loads column represents load cell count of all cell types other than IO, GT and clock resources
** IO Loads column represents load cell count of IO types
*** Clocking Loads column represents load cell count that are clock resources (global clock buffer, MMCM, PLL, etc)
**** GT Loads column represents load cell count of GT types


+----+------+------+-----------------------+
|    | X0   | X1   | HORIZONTAL PROG DELAY |
+----+------+------+-----------------------+
| Y2 |    0 |    0 |                     0 |
| Y1 |  130 |  537 |                     0 |
| Y0 |   80 |  290 |                     0 |
+----+------+------+-----------------------+


11. Device Cell Placement Summary for Global Clock g4
-----------------------------------------------------

+-----------+-----------------+-------------------+--------------------------------------------------------------------------------------------+-------------+----------------+-------------+----------+----------------+----------+----------------------------------------+
| Global Id | Driver Type/Pin | Driver Region (D) | Clock                                                                                      | Period (ns) | Waveform (ns)  | Slice Loads | IO Loads | Clocking Loads | GT Loads | Net                                    |
+-----------+-----------------+-------------------+--------------------------------------------------------------------------------------------+-------------+----------------+-------------+----------+----------------+----------+----------------------------------------+
| g4        | BUFG/O          | n/a               | dbg_hub/inst/BSCANID.u_xsdbm_id/SWITCH_N_EXT_BSCAN.bscan_inst/SERIES7_BSCAN.bscan_inst/TCK |      33.000 | {0.000 16.500} |         458 |        0 |              0 |        0 | dbg_hub/inst/BSCANID.u_xsdbm_id/itck_i |
+-----------+-----------------+-------------------+--------------------------------------------------------------------------------------------+-------------+----------------+-------------+----------+----------------+----------+----------------------------------------+
* Slice Loads column represents load cell count of all cell types other than IO, GT and clock resources
** IO Loads column represents load cell count of IO types
*** Clocking Loads column represents load cell count that are clock resources (global clock buffer, MMCM, PLL, etc)
**** GT Loads column represents load cell count of GT types


+----+----+------+-----------------------+
|    | X0 | X1   | HORIZONTAL PROG DELAY |
+----+----+------+-----------------------+
| Y2 |  0 |    0 |                     0 |
| Y1 |  0 |    0 |                     0 |
| Y0 |  0 |  458 |                     0 |
+----+----+------+-----------------------+


12. Device Cell Placement Summary for Global Clock g5
-----------------------------------------------------

+-----------+-----------------+-------------------+-------+-------------+---------------+-------------+----------+----------------+----------+--------------------+
| Global Id | Driver Type/Pin | Driver Region (D) | Clock | Period (ns) | Waveform (ns) | Slice Loads | IO Loads | Clocking Loads | GT Loads | Net                |
+-----------+-----------------+-------------------+-------+-------------+---------------+-------------+----------+----------------+----------+--------------------+
| g5        | BUFG/O          | n/a               |       |             |               |          96 |        1 |              0 |        0 | PHY1_MDC_OBUF_BUFG |
+-----------+-----------------+-------------------+-------+-------------+---------------+-------------+----------+----------------+----------+--------------------+
* Slice Loads column represents load cell count of all cell types other than IO, GT and clock resources
** IO Loads column represents load cell count of IO types
*** Clocking Loads column represents load cell count that are clock resources (global clock buffer, MMCM, PLL, etc)
**** GT Loads column represents load cell count of GT types


+----+-----+----+-----------------------+
|    | X0  | X1 | HORIZONTAL PROG DELAY |
+----+-----+----+-----------------------+
| Y2 |   0 |  0 |                     0 |
| Y1 |  97 |  0 |                     0 |
| Y0 |   0 |  0 |                     0 |
+----+-----+----+-----------------------+


13. Device Cell Placement Summary for Global Clock g6
-----------------------------------------------------

+-----------+-----------------+-------------------+-------+-------------+---------------+-------------+----------+----------------+----------+--------------------+
| Global Id | Driver Type/Pin | Driver Region (D) | Clock | Period (ns) | Waveform (ns) | Slice Loads | IO Loads | Clocking Loads | GT Loads | Net                |
+-----------+-----------------+-------------------+-------+-------------+---------------+-------------+----------+----------------+----------+--------------------+
| g6        | BUFG/O          | n/a               |       |             |               |          96 |        1 |              0 |        0 | PHY2_MDC_OBUF_BUFG |
+-----------+-----------------+-------------------+-------+-------------+---------------+-------------+----------+----------------+----------+--------------------+
* Slice Loads column represents load cell count of all cell types other than IO, GT and clock resources
** IO Loads column represents load cell count of IO types
*** Clocking Loads column represents load cell count that are clock resources (global clock buffer, MMCM, PLL, etc)
**** GT Loads column represents load cell count of GT types


+----+-----+----+-----------------------+
|    | X0  | X1 | HORIZONTAL PROG DELAY |
+----+-----+----+-----------------------+
| Y2 |   0 |  0 |                     0 |
| Y1 |   0 |  0 |                     0 |
| Y0 |  97 |  0 |                     0 |
+----+-----+----+-----------------------+


14. Device Cell Placement Summary for Global Clock g7
-----------------------------------------------------

+-----------+-----------------+-------------------+--------------+-------------+----------------+-------------+----------+----------------+----------+------------------------+
| Global Id | Driver Type/Pin | Driver Region (D) | Clock        | Period (ns) | Waveform (ns)  | Slice Loads | IO Loads | Clocking Loads | GT Loads | Net                    |
+-----------+-----------------+-------------------+--------------+-------------+----------------+-------------+----------+----------------+----------+------------------------+
| g7        | BUFG/O          | n/a               | clk_out3_pll |     100.000 | {0.000 50.000} |          76 |        0 |              0 |        0 | pll_inst/inst/clk_out3 |
+-----------+-----------------+-------------------+--------------+-------------+----------------+-------------+----------+----------------+----------+------------------------+
* Slice Loads column represents load cell count of all cell types other than IO, GT and clock resources
** IO Loads column represents load cell count of IO types
*** Clocking Loads column represents load cell count that are clock resources (global clock buffer, MMCM, PLL, etc)
**** GT Loads column represents load cell count of GT types


+----+-----+-----+-----------------------+
|    | X0  | X1  | HORIZONTAL PROG DELAY |
+----+-----+-----+-----------------------+
| Y2 |   0 |   0 |                     0 |
| Y1 |  25 |  16 |                     0 |
| Y0 |  35 |   0 |                     0 |
+----+-----+-----+-----------------------+


15. Device Cell Placement Summary for Global Clock g8
-----------------------------------------------------

+-----------+-----------------+-------------------+-------+-------------+---------------+-------------+----------+----------------+----------+--------------------+
| Global Id | Driver Type/Pin | Driver Region (D) | Clock | Period (ns) | Waveform (ns) | Slice Loads | IO Loads | Clocking Loads | GT Loads | Net                |
+-----------+-----------------+-------------------+-------+-------------+---------------+-------------+----------+----------------+----------+--------------------+
| g8        | BUFG/O          | n/a               |       |             |               |          33 |        0 |              0 |        0 | PHY1_RXC_IBUF_BUFG |
+-----------+-----------------+-------------------+-------+-------------+---------------+-------------+----------+----------------+----------+--------------------+
* Slice Loads column represents load cell count of all cell types other than IO, GT and clock resources
** IO Loads column represents load cell count of IO types
*** Clocking Loads column represents load cell count that are clock resources (global clock buffer, MMCM, PLL, etc)
**** GT Loads column represents load cell count of GT types


+----+-----+----+-----------------------+
|    | X0  | X1 | HORIZONTAL PROG DELAY |
+----+-----+----+-----------------------+
| Y2 |   0 |  0 |                     0 |
| Y1 |   0 |  0 |                     0 |
| Y0 |  33 |  0 |                     0 |
+----+-----+----+-----------------------+


16. Device Cell Placement Summary for Global Clock g9
-----------------------------------------------------

+-----------+-----------------+-------------------+-------+-------------+---------------+-------------+----------+----------------+----------+--------------------+
| Global Id | Driver Type/Pin | Driver Region (D) | Clock | Period (ns) | Waveform (ns) | Slice Loads | IO Loads | Clocking Loads | GT Loads | Net                |
+-----------+-----------------+-------------------+-------+-------------+---------------+-------------+----------+----------------+----------+--------------------+
| g9        | BUFG/O          | n/a               |       |             |               |          33 |        0 |              0 |        0 | PHY2_RXC_IBUF_BUFG |
+-----------+-----------------+-------------------+-------+-------------+---------------+-------------+----------+----------------+----------+--------------------+
* Slice Loads column represents load cell count of all cell types other than IO, GT and clock resources
** IO Loads column represents load cell count of IO types
*** Clocking Loads column represents load cell count that are clock resources (global clock buffer, MMCM, PLL, etc)
**** GT Loads column represents load cell count of GT types


+----+-----+-----+-----------------------+
|    | X0  | X1  | HORIZONTAL PROG DELAY |
+----+-----+-----+-----------------------+
| Y2 |   0 |   0 |                     0 |
| Y1 |   0 |   0 |                     0 |
| Y0 |  13 |  20 |                     0 |
+----+-----+-----+-----------------------+


17. Device Cell Placement Summary for Global Clock g10
------------------------------------------------------

+-----------+-----------------+-------------------+--------------+-------------+----------------+-------------+----------+----------------+----------+------------------------+
| Global Id | Driver Type/Pin | Driver Region (D) | Clock        | Period (ns) | Waveform (ns)  | Slice Loads | IO Loads | Clocking Loads | GT Loads | Net                    |
+-----------+-----------------+-------------------+--------------+-------------+----------------+-------------+----------+----------------+----------+------------------------+
| g10       | BUFG/O          | n/a               | clk_out2_pll |      40.000 | {0.000 20.000} |          28 |        0 |              0 |        0 | pll_inst/inst/clk_out2 |
+-----------+-----------------+-------------------+--------------+-------------+----------------+-------------+----------+----------------+----------+------------------------+
* Slice Loads column represents load cell count of all cell types other than IO, GT and clock resources
** IO Loads column represents load cell count of IO types
*** Clocking Loads column represents load cell count that are clock resources (global clock buffer, MMCM, PLL, etc)
**** GT Loads column represents load cell count of GT types


+----+-----+----+-----------------------+
|    | X0  | X1 | HORIZONTAL PROG DELAY |
+----+-----+----+-----------------------+
| Y2 |   0 |  0 |                     0 |
| Y1 |  26 |  0 |                     0 |
| Y0 |   0 |  2 |                     0 |
+----+-----+----+-----------------------+


18. Device Cell Placement Summary for Global Clock g11
------------------------------------------------------

+-----------+-----------------+-------------------+--------------+-------------+----------------+-------------+----------+----------------+----------+--------------------------------+
| Global Id | Driver Type/Pin | Driver Region (D) | Clock        | Period (ns) | Waveform (ns)  | Slice Loads | IO Loads | Clocking Loads | GT Loads | Net                            |
+-----------+-----------------+-------------------+--------------+-------------+----------------+-------------+----------+----------------+----------+--------------------------------+
| g11       | BUFG/O          | n/a               | clkfbout_pll |      20.000 | {0.000 10.000} |           0 |        0 |              1 |        0 | pll_inst/inst/clkfbout_buf_pll |
+-----------+-----------------+-------------------+--------------+-------------+----------------+-------------+----------+----------------+----------+--------------------------------+
* Slice Loads column represents load cell count of all cell types other than IO, GT and clock resources
** IO Loads column represents load cell count of IO types
*** Clocking Loads column represents load cell count that are clock resources (global clock buffer, MMCM, PLL, etc)
**** GT Loads column represents load cell count of GT types


+----+----+----+-----------------------+
|    | X0 | X1 | HORIZONTAL PROG DELAY |
+----+----+----+-----------------------+
| Y2 |  0 |  0 |                     0 |
| Y1 |  0 |  0 |                     0 |
| Y0 |  1 |  0 |                     0 |
+----+----+----+-----------------------+


19. Clock Region Cell Placement per Global Clock: Region X0Y0
-------------------------------------------------------------

+-----------+-------+-----------------+------------+-------------+-----------------+-----+--------+------+-----+----+------+-----+---------+--------------------------------+
| Global Id | Track | Driver Type/Pin | Constraint | Clock Loads | Non-Clock Loads | FF  | LUTRAM | RAMB | DSP | GT | MMCM | PLL | Hard IP | Net                            |
+-----------+-------+-----------------+------------+-------------+-----------------+-----+--------+------+-----+----+------+-----+---------+--------------------------------+
| g0        | n/a   | BUFG/O          | None       |         527 |               0 | 508 |     19 |    0 |   0 |  0 |    0 |   0 |       0 | pll_inst/inst/clk_out1         |
| g1        | n/a   | BUFG/O          | None       |           0 |               1 |   0 |      0 |    0 |   0 |  0 |    0 |   0 |       0 | rx1_proto/rx_mac_clk_BUFG      |
| g2        | n/a   | BUFG/O          | None       |         137 |               0 | 137 |      0 |    0 |   0 |  0 |    0 |   0 |       0 | rx2_proto/rx_mac_clk_BUFG      |
| g3        | n/a   | BUFG/O          | None       |          80 |               0 |  80 |      0 |    0 |   0 |  0 |    0 |   0 |       0 | PHY1_TXC_IBUF_BUFG             |
| g6        | n/a   | BUFG/O          | None       |          96 |               1 |  96 |      0 |    0 |   0 |  0 |    0 |   0 |       0 | PHY2_MDC_OBUF_BUFG             |
| g7        | n/a   | BUFG/O          | None       |          35 |               0 |  35 |      0 |    0 |   0 |  0 |    0 |   0 |       0 | pll_inst/inst/clk_out3         |
| g8        | n/a   | BUFG/O          | None       |          33 |               0 |  33 |      0 |    0 |   0 |  0 |    0 |   0 |       0 | PHY1_RXC_IBUF_BUFG             |
| g9        | n/a   | BUFG/O          | None       |          13 |               0 |  13 |      0 |    0 |   0 |  0 |    0 |   0 |       0 | PHY2_RXC_IBUF_BUFG             |
| g11       | n/a   | BUFG/O          | None       |           1 |               0 |   0 |      0 |    0 |   0 |  0 |    0 |   1 |       0 | pll_inst/inst/clkfbout_buf_pll |
+-----------+-------+-----------------+------------+-------------+-----------------+-----+--------+------+-----+----+------+-----+---------+--------------------------------+
* Clock Loads column represents the clock pin loads (pin count)
** Non-Clock Loads column represents the non-clock pin loads (pin count)
*** Columns FF, LUTRAM, RAMB through 'Hard IP' represents load cell counts


20. Clock Region Cell Placement per Global Clock: Region X1Y0
-------------------------------------------------------------

+-----------+-------+-----------------+------------+-------------+-----------------+------+--------+------+-----+----+------+-----+---------+----------------------------------------+
| Global Id | Track | Driver Type/Pin | Constraint | Clock Loads | Non-Clock Loads | FF   | LUTRAM | RAMB | DSP | GT | MMCM | PLL | Hard IP | Net                                    |
+-----------+-------+-----------------+------------+-------------+-----------------+------+--------+------+-----+----+------+-----+---------+----------------------------------------+
| g0        | n/a   | BUFG/O          | None       |        2221 |               0 | 2084 |    126 |   11 |   0 |  0 |    0 |   0 |       0 | pll_inst/inst/clk_out1                 |
| g1        | n/a   | BUFG/O          | None       |         111 |               0 |  110 |      0 |    0 |   0 |  0 |    0 |   0 |       0 | rx1_proto/rx_mac_clk_BUFG              |
| g2        | n/a   | BUFG/O          | None       |         287 |               3 |  286 |      2 |    1 |   0 |  0 |    0 |   0 |       0 | rx2_proto/rx_mac_clk_BUFG              |
| g3        | n/a   | BUFG/O          | None       |         288 |               2 |  287 |      2 |    1 |   0 |  0 |    0 |   0 |       0 | PHY1_TXC_IBUF_BUFG                     |
| g4        | n/a   | BUFG/O          | None       |         458 |               0 |  458 |      0 |    0 |   0 |  0 |    0 |   0 |       0 | dbg_hub/inst/BSCANID.u_xsdbm_id/itck_i |
| g9        | n/a   | BUFG/O          | None       |          20 |               0 |   20 |      0 |    0 |   0 |  0 |    0 |   0 |       0 | PHY2_RXC_IBUF_BUFG                     |
| g10       | n/a   | BUFG/O          | None       |           0 |               2 |    0 |      1 |    0 |   0 |  0 |    0 |   0 |       0 | pll_inst/inst/clk_out2                 |
+-----------+-------+-----------------+------------+-------------+-----------------+------+--------+------+-----+----+------+-----+---------+----------------------------------------+
* Clock Loads column represents the clock pin loads (pin count)
** Non-Clock Loads column represents the non-clock pin loads (pin count)
*** Columns FF, LUTRAM, RAMB through 'Hard IP' represents load cell counts


21. Clock Region Cell Placement per Global Clock: Region X0Y1
-------------------------------------------------------------

+-----------+-------+-----------------+------------+-------------+-----------------+-----+--------+------+-----+----+------+-----+---------+---------------------------+
| Global Id | Track | Driver Type/Pin | Constraint | Clock Loads | Non-Clock Loads | FF  | LUTRAM | RAMB | DSP | GT | MMCM | PLL | Hard IP | Net                       |
+-----------+-------+-----------------+------------+-------------+-----------------+-----+--------+------+-----+----+------+-----+---------+---------------------------+
| g1        | n/a   | BUFG/O          | None       |         298 |               0 | 296 |      2 |    0 |   0 |  0 |    0 |   0 |       0 | rx1_proto/rx_mac_clk_BUFG |
| g2        | n/a   | BUFG/O          | None       |         181 |               0 | 181 |      0 |    0 |   0 |  0 |    0 |   0 |       0 | rx2_proto/rx_mac_clk_BUFG |
| g3        | n/a   | BUFG/O          | None       |         130 |               0 | 130 |      0 |    0 |   0 |  0 |    0 |   0 |       0 | PHY1_TXC_IBUF_BUFG        |
| g5        | n/a   | BUFG/O          | None       |          96 |               1 |  96 |      0 |    0 |   0 |  0 |    0 |   0 |       0 | PHY1_MDC_OBUF_BUFG        |
| g7        | n/a   | BUFG/O          | None       |          25 |               0 |  25 |      0 |    0 |   0 |  0 |    0 |   0 |       0 | pll_inst/inst/clk_out3    |
| g10       | n/a   | BUFG/O          | None       |          26 |               0 |  26 |      0 |    0 |   0 |  0 |    0 |   0 |       0 | pll_inst/inst/clk_out2    |
+-----------+-------+-----------------+------------+-------------+-----------------+-----+--------+------+-----+----+------+-----+---------+---------------------------+
* Clock Loads column represents the clock pin loads (pin count)
** Non-Clock Loads column represents the non-clock pin loads (pin count)
*** Columns FF, LUTRAM, RAMB through 'Hard IP' represents load cell counts


22. Clock Region Cell Placement per Global Clock: Region X1Y1
-------------------------------------------------------------

+-----------+-------+-----------------+------------+-------------+-----------------+-----+--------+------+-----+----+------+-----+---------+---------------------------+
| Global Id | Track | Driver Type/Pin | Constraint | Clock Loads | Non-Clock Loads | FF  | LUTRAM | RAMB | DSP | GT | MMCM | PLL | Hard IP | Net                       |
+-----------+-------+-----------------+------------+-------------+-----------------+-----+--------+------+-----+----+------+-----+---------+---------------------------+
| g0        | n/a   | BUFG/O          | None       |           6 |               0 |   6 |      0 |    0 |   0 |  0 |    0 |   0 |       0 | pll_inst/inst/clk_out1    |
| g1        | n/a   | BUFG/O          | None       |         873 |               0 | 869 |      0 |    2 |   0 |  0 |    0 |   0 |       0 | rx1_proto/rx_mac_clk_BUFG |
| g2        | n/a   | BUFG/O          | None       |         525 |               0 | 522 |      1 |    1 |   0 |  0 |    0 |   0 |       0 | rx2_proto/rx_mac_clk_BUFG |
| g3        | n/a   | BUFG/O          | None       |         537 |               0 | 524 |      5 |    4 |   0 |  0 |    0 |   0 |       0 | PHY1_TXC_IBUF_BUFG        |
| g7        | n/a   | BUFG/O          | None       |          16 |               0 |  16 |      0 |    0 |   0 |  0 |    0 |   0 |       0 | pll_inst/inst/clk_out3    |
+-----------+-------+-----------------+------------+-------------+-----------------+-----+--------+------+-----+----+------+-----+---------+---------------------------+
* Clock Loads column represents the clock pin loads (pin count)
** Non-Clock Loads column represents the non-clock pin loads (pin count)
*** Columns FF, LUTRAM, RAMB through 'Hard IP' represents load cell counts


23. Clock Region Cell Placement per Global Clock: Region X0Y2
-------------------------------------------------------------

+-----------+-------+-----------------+------------+-------------+-----------------+----+--------+------+-----+----+------+-----+---------+---------------------------+
| Global Id | Track | Driver Type/Pin | Constraint | Clock Loads | Non-Clock Loads | FF | LUTRAM | RAMB | DSP | GT | MMCM | PLL | Hard IP | Net                       |
+-----------+-------+-----------------+------------+-------------+-----------------+----+--------+------+-----+----+------+-----+---------+---------------------------+
| g1        | n/a   | BUFG/O          | None       |          63 |               0 | 63 |      0 |    0 |   0 |  0 |    0 |   0 |       0 | rx1_proto/rx_mac_clk_BUFG |
+-----------+-------+-----------------+------------+-------------+-----------------+----+--------+------+-----+----+------+-----+---------+---------------------------+
* Clock Loads column represents the clock pin loads (pin count)
** Non-Clock Loads column represents the non-clock pin loads (pin count)
*** Columns FF, LUTRAM, RAMB through 'Hard IP' represents load cell counts


24. Clock Region Cell Placement per Global Clock: Region X1Y2
-------------------------------------------------------------

+-----------+-------+-----------------+------------+-------------+-----------------+----+--------+------+-----+----+------+-----+---------+---------------------------+
| Global Id | Track | Driver Type/Pin | Constraint | Clock Loads | Non-Clock Loads | FF | LUTRAM | RAMB | DSP | GT | MMCM | PLL | Hard IP | Net                       |
+-----------+-------+-----------------+------------+-------------+-----------------+----+--------+------+-----+----+------+-----+---------+---------------------------+
| g1        | n/a   | BUFG/O          | None       |          32 |               0 | 32 |      0 |    0 |   0 |  0 |    0 |   0 |       0 | rx1_proto/rx_mac_clk_BUFG |
+-----------+-------+-----------------+------------+-------------+-----------------+----+--------+------+-----+----+------+-----+---------+---------------------------+
* Clock Loads column represents the clock pin loads (pin count)
** Non-Clock Loads column represents the non-clock pin loads (pin count)
*** Columns FF, LUTRAM, RAMB through 'Hard IP' represents load cell counts



# Location of BUFG Primitives 
set_property LOC BUFGCTRL_X0Y4 [get_cells rx2_proto/rx_mac_clk_BUFG_inst]
set_property LOC BUFGCTRL_X0Y3 [get_cells rx1_proto/rx_mac_clk_BUFG_inst]
set_property LOC BUFGCTRL_X0Y9 [get_cells pll_inst/inst/clkf_buf]
set_property LOC BUFGCTRL_X0Y6 [get_cells pll_inst/inst/clkout3_buf]
set_property LOC BUFGCTRL_X0Y8 [get_cells pll_inst/inst/clkout2_buf]
set_property LOC BUFGCTRL_X0Y2 [get_cells pll_inst/inst/clkout1_buf]
set_property LOC BUFGCTRL_X0Y5 [get_cells dbg_hub/inst/BSCANID.u_xsdbm_id/SWITCH_N_EXT_BSCAN.u_bufg_icon_tck]
set_property LOC BUFGCTRL_X0Y7 [get_cells PHY2_RXC_IBUF_BUFG_inst]
set_property LOC BUFGCTRL_X0Y1 [get_cells PHY2_MDC_OBUF_BUFG_inst]
set_property LOC BUFGCTRL_X0Y16 [get_cells PHY1_TXC_IBUF_BUFG_inst]
set_property LOC BUFGCTRL_X0Y17 [get_cells PHY1_RXC_IBUF_BUFG_inst]
set_property LOC BUFGCTRL_X0Y0 [get_cells PHY1_MDC_OBUF_BUFG_inst]

# Location of IO Primitives which is load of clock spine
set_property LOC IOB_X0Y11 [get_cells PHY2_MDC_OBUF_inst]
set_property LOC IOB_X0Y66 [get_cells PHY1_MDC_OBUF_inst]

# Location of clock ports
set_property LOC IOB_X0Y76 [get_ports PHY1_RXC]
set_property LOC IOB_X0Y78 [get_ports PHY1_TXC]
set_property LOC IOB_X0Y24 [get_ports PHY2_RXC]
set_property LOC IOB_X0Y26 [get_ports sys_clk]

# Clock net "rx2_proto/rx_mac_clk_BUFG" driven by instance "rx2_proto/rx_mac_clk_BUFG_inst" located at site "BUFGCTRL_X0Y4"
#startgroup
create_pblock {CLKAG_rx2_proto/rx_mac_clk_BUFG}
add_cells_to_pblock [get_pblocks  {CLKAG_rx2_proto/rx_mac_clk_BUFG}] [get_cells -filter { PRIMITIVE_GROUP != I/O && IS_PRIMITIVE==1 && PRIMITIVE_LEVEL !=INTERNAL } -of_object [get_pins -filter {DIRECTION==IN} -of_objects [get_nets -hierarchical -filter {PARENT=="rx2_proto/rx_mac_clk_BUFG"}]]]
resize_pblock [get_pblocks {CLKAG_rx2_proto/rx_mac_clk_BUFG}] -add {CLOCKREGION_X0Y0:CLOCKREGION_X0Y0 CLOCKREGION_X0Y1:CLOCKREGION_X0Y1 CLOCKREGION_X1Y0:CLOCKREGION_X1Y0 CLOCKREGION_X1Y1:CLOCKREGION_X1Y1}
#endgroup

# Clock net "rx1_proto/rx_mac_clk_BUFG" driven by instance "rx1_proto/rx_mac_clk_BUFG_inst" located at site "BUFGCTRL_X0Y3"
#startgroup
create_pblock {CLKAG_rx1_proto/rx_mac_clk_BUFG}
add_cells_to_pblock [get_pblocks  {CLKAG_rx1_proto/rx_mac_clk_BUFG}] [get_cells -filter { PRIMITIVE_GROUP != I/O && IS_PRIMITIVE==1 && PRIMITIVE_LEVEL !=INTERNAL } -of_object [get_pins -filter {DIRECTION==IN} -of_objects [get_nets -hierarchical -filter {PARENT=="rx1_proto/rx_mac_clk_BUFG"}]]]
resize_pblock [get_pblocks {CLKAG_rx1_proto/rx_mac_clk_BUFG}] -add {CLOCKREGION_X0Y0:CLOCKREGION_X0Y0 CLOCKREGION_X0Y1:CLOCKREGION_X0Y1 CLOCKREGION_X0Y2:CLOCKREGION_X0Y2 CLOCKREGION_X1Y0:CLOCKREGION_X1Y0 CLOCKREGION_X1Y1:CLOCKREGION_X1Y1 CLOCKREGION_X1Y2:CLOCKREGION_X1Y2}
#endgroup

# Clock net "pll_inst/inst/clk_out3" driven by instance "pll_inst/inst/clkout3_buf" located at site "BUFGCTRL_X0Y6"
#startgroup
create_pblock {CLKAG_pll_inst/inst/clk_out3}
add_cells_to_pblock [get_pblocks  {CLKAG_pll_inst/inst/clk_out3}] [get_cells -filter { PRIMITIVE_GROUP != I/O && IS_PRIMITIVE==1 && PRIMITIVE_LEVEL !=INTERNAL } -of_object [get_pins -filter {DIRECTION==IN} -of_objects [get_nets -hierarchical -filter {PARENT=="pll_inst/inst/clk_out3"}]]]
resize_pblock [get_pblocks {CLKAG_pll_inst/inst/clk_out3}] -add {CLOCKREGION_X0Y0:CLOCKREGION_X0Y0 CLOCKREGION_X0Y1:CLOCKREGION_X0Y1 CLOCKREGION_X1Y1:CLOCKREGION_X1Y1}
#endgroup

# Clock net "pll_inst/inst/clk_out2" driven by instance "pll_inst/inst/clkout2_buf" located at site "BUFGCTRL_X0Y8"
#startgroup
create_pblock {CLKAG_pll_inst/inst/clk_out2}
add_cells_to_pblock [get_pblocks  {CLKAG_pll_inst/inst/clk_out2}] [get_cells -filter { PRIMITIVE_GROUP != I/O && IS_PRIMITIVE==1 && PRIMITIVE_LEVEL !=INTERNAL } -of_object [get_pins -filter {DIRECTION==IN} -of_objects [get_nets -hierarchical -filter {PARENT=="pll_inst/inst/clk_out2"}]]]
resize_pblock [get_pblocks {CLKAG_pll_inst/inst/clk_out2}] -add {CLOCKREGION_X0Y1:CLOCKREGION_X0Y1 CLOCKREGION_X1Y0:CLOCKREGION_X1Y0}
#endgroup

# Clock net "pll_inst/inst/clk_out1" driven by instance "pll_inst/inst/clkout1_buf" located at site "BUFGCTRL_X0Y2"
#startgroup
create_pblock {CLKAG_pll_inst/inst/clk_out1}
add_cells_to_pblock [get_pblocks  {CLKAG_pll_inst/inst/clk_out1}] [get_cells -filter { PRIMITIVE_GROUP != I/O && IS_PRIMITIVE==1 && PRIMITIVE_LEVEL !=INTERNAL } -of_object [get_pins -filter {DIRECTION==IN} -of_objects [get_nets -hierarchical -filter {PARENT=="pll_inst/inst/clk_out1"}]]]
resize_pblock [get_pblocks {CLKAG_pll_inst/inst/clk_out1}] -add {CLOCKREGION_X0Y0:CLOCKREGION_X0Y0 CLOCKREGION_X1Y0:CLOCKREGION_X1Y0 CLOCKREGION_X1Y1:CLOCKREGION_X1Y1}
#endgroup

# Clock net "dbg_hub/inst/BSCANID.u_xsdbm_id/itck_i" driven by instance "dbg_hub/inst/BSCANID.u_xsdbm_id/SWITCH_N_EXT_BSCAN.u_bufg_icon_tck" located at site "BUFGCTRL_X0Y5"
#startgroup
create_pblock {CLKAG_dbg_hub/inst/BSCANID.u_xsdbm_id/itck_i}
add_cells_to_pblock [get_pblocks  {CLKAG_dbg_hub/inst/BSCANID.u_xsdbm_id/itck_i}] [get_cells -filter { PRIMITIVE_GROUP != I/O && IS_PRIMITIVE==1 && PRIMITIVE_LEVEL !=INTERNAL } -of_object [get_pins -filter {DIRECTION==IN} -of_objects [get_nets -hierarchical -filter {PARENT=="dbg_hub/inst/BSCANID.u_xsdbm_id/itck_i"}]]]
resize_pblock [get_pblocks {CLKAG_dbg_hub/inst/BSCANID.u_xsdbm_id/itck_i}] -add {CLOCKREGION_X1Y0:CLOCKREGION_X1Y0}
#endgroup

# Clock net "PHY2_RXC_IBUF_BUFG" driven by instance "PHY2_RXC_IBUF_BUFG_inst" located at site "BUFGCTRL_X0Y7"
#startgroup
create_pblock {CLKAG_PHY2_RXC_IBUF_BUFG}
add_cells_to_pblock [get_pblocks  {CLKAG_PHY2_RXC_IBUF_BUFG}] [get_cells -filter { PRIMITIVE_GROUP != I/O && IS_PRIMITIVE==1 && PRIMITIVE_LEVEL !=INTERNAL } -of_object [get_pins -filter {DIRECTION==IN} -of_objects [get_nets -hierarchical -filter {PARENT=="PHY2_RXC_IBUF_BUFG"}]]]
resize_pblock [get_pblocks {CLKAG_PHY2_RXC_IBUF_BUFG}] -add {CLOCKREGION_X0Y0:CLOCKREGION_X0Y0 CLOCKREGION_X1Y0:CLOCKREGION_X1Y0}
#endgroup

# Clock net "PHY2_MDC_OBUF_BUFG" driven by instance "PHY2_MDC_OBUF_BUFG_inst" located at site "BUFGCTRL_X0Y1"
#startgroup
create_pblock {CLKAG_PHY2_MDC_OBUF_BUFG}
add_cells_to_pblock [get_pblocks  {CLKAG_PHY2_MDC_OBUF_BUFG}] [get_cells -filter { PRIMITIVE_GROUP != I/O && IS_PRIMITIVE==1 && PRIMITIVE_LEVEL !=INTERNAL && NAME!=PHY2_MDC_OBUF_inst} -of_object [get_pins -filter {DIRECTION==IN} -of_objects [get_nets -hierarchical -filter {PARENT=="PHY2_MDC_OBUF_BUFG"}]]]
resize_pblock [get_pblocks {CLKAG_PHY2_MDC_OBUF_BUFG}] -add {CLOCKREGION_X0Y0:CLOCKREGION_X0Y0}
#endgroup

# Clock net "PHY1_TXC_IBUF_BUFG" driven by instance "PHY1_TXC_IBUF_BUFG_inst" located at site "BUFGCTRL_X0Y16"
#startgroup
create_pblock {CLKAG_PHY1_TXC_IBUF_BUFG}
add_cells_to_pblock [get_pblocks  {CLKAG_PHY1_TXC_IBUF_BUFG}] [get_cells -filter { PRIMITIVE_GROUP != I/O && IS_PRIMITIVE==1 && PRIMITIVE_LEVEL !=INTERNAL } -of_object [get_pins -filter {DIRECTION==IN} -of_objects [get_nets -hierarchical -filter {PARENT=="PHY1_TXC_IBUF_BUFG"}]]]
resize_pblock [get_pblocks {CLKAG_PHY1_TXC_IBUF_BUFG}] -add {CLOCKREGION_X0Y0:CLOCKREGION_X0Y0 CLOCKREGION_X0Y1:CLOCKREGION_X0Y1 CLOCKREGION_X1Y0:CLOCKREGION_X1Y0 CLOCKREGION_X1Y1:CLOCKREGION_X1Y1}
#endgroup

# Clock net "PHY1_RXC_IBUF_BUFG" driven by instance "PHY1_RXC_IBUF_BUFG_inst" located at site "BUFGCTRL_X0Y17"
#startgroup
create_pblock {CLKAG_PHY1_RXC_IBUF_BUFG}
add_cells_to_pblock [get_pblocks  {CLKAG_PHY1_RXC_IBUF_BUFG}] [get_cells -filter { PRIMITIVE_GROUP != I/O && IS_PRIMITIVE==1 && PRIMITIVE_LEVEL !=INTERNAL } -of_object [get_pins -filter {DIRECTION==IN} -of_objects [get_nets -hierarchical -filter {PARENT=="PHY1_RXC_IBUF_BUFG"}]]]
resize_pblock [get_pblocks {CLKAG_PHY1_RXC_IBUF_BUFG}] -add {CLOCKREGION_X0Y0:CLOCKREGION_X0Y0}
#endgroup

# Clock net "PHY1_MDC_OBUF_BUFG" driven by instance "PHY1_MDC_OBUF_BUFG_inst" located at site "BUFGCTRL_X0Y0"
#startgroup
create_pblock {CLKAG_PHY1_MDC_OBUF_BUFG}
add_cells_to_pblock [get_pblocks  {CLKAG_PHY1_MDC_OBUF_BUFG}] [get_cells -filter { PRIMITIVE_GROUP != I/O && IS_PRIMITIVE==1 && PRIMITIVE_LEVEL !=INTERNAL && NAME!=PHY1_MDC_OBUF_inst} -of_object [get_pins -filter {DIRECTION==IN} -of_objects [get_nets -hierarchical -filter {PARENT=="PHY1_MDC_OBUF_BUFG"}]]]
resize_pblock [get_pblocks {CLKAG_PHY1_MDC_OBUF_BUFG}] -add {CLOCKREGION_X0Y1:CLOCKREGION_X0Y1}
#endgroup
